exports[`SignedInNav renders the SignedInNav component 1`] = `
<nav>
  <ul>
    <li>
      <img
        alt="logo"
        src="http://placehold.it/50x50" />
    </li>
    <li>
      JobOrNot
    </li>
    <li>
      How It Works
    </li>
    <li>
      Profile
    </li>
    <li>
      <button>
        button node
      </button>
    </li>
  </ul>
</nav>
`;
